{
  "tests": [
    {
      "uniformPath": "com/example/project/JUnit4Test/testMul",
      "sourcePath": "/path/to/source",
      "content": "content",
      "duration": 0.038,
      "result": "PASSED",
      "paths": [
        {
          "path": "com/example/project",
          "files": [
            {
              "fileName": "Calculator.java",
              "coveredLines": "13,20-41"
            },
            {
              "fileName": "JUnit4Test.java",
              "coveredLines": "22-23"
            }
          ]
        }
      ]
    },
    {
      "uniformPath": "com/example/project/JUnit4Test/testMul2",
      "sourcePath": "/path/to/source",
      "content": "content",
      "duration": 0.039,
      "result": "PASSED",
      "paths": [
        {
          "path": "com/example/project",
          "files": [
            {
              "fileName": "Calculator.java",
              "coveredLines": "13,20-41"
            },
            {
              "fileName": "JUnit4Test.java",
              "coveredLines": "27-28"
            }
          ]
        }
      ]
    }
  ]
}
